Archive member included to satisfy reference by file (symbol)

.\CortexM3\ARM_GCC_541\Debug\AY1920_II_HW_05_PROJ_2.3.a(UART_Debug.o)
                              .\CortexM3\ARM_GCC_541\Debug\main.o (UART_Debug_Start)
.\CortexM3\ARM_GCC_541\Debug\AY1920_II_HW_05_PROJ_2.3.a(I2C_Master.o)
                              .\CortexM3\ARM_GCC_541\Debug\I2C_Interface.o (I2C_Master_Start)
.\CortexM3\ARM_GCC_541\Debug\AY1920_II_HW_05_PROJ_2.3.a(I2C_Master_INT.o)
                              .\CortexM3\ARM_GCC_541\Debug\AY1920_II_HW_05_PROJ_2.3.a(I2C_Master.o) (I2C_Master_ISR)
.\CortexM3\ARM_GCC_541\Debug\AY1920_II_HW_05_PROJ_2.3.a(I2C_Master_PM.o)
                              .\CortexM3\ARM_GCC_541\Debug\AY1920_II_HW_05_PROJ_2.3.a(I2C_Master.o) (I2C_Master_backup)
.\CortexM3\ARM_GCC_541\Debug\AY1920_II_HW_05_PROJ_2.3.a(I2C_Master_MASTER.o)
                              .\CortexM3\ARM_GCC_541\Debug\AY1920_II_HW_05_PROJ_2.3.a(I2C_Master.o) (I2C_Master_mstrStatus)
.\CortexM3\ARM_GCC_541\Debug\AY1920_II_HW_05_PROJ_2.3.a(UART_Debug_IntClock.o)
                              .\CortexM3\ARM_GCC_541\Debug\AY1920_II_HW_05_PROJ_2.3.a(UART_Debug.o) (UART_Debug_IntClock_Start)
.\CortexM3\ARM_GCC_541\Debug\AY1920_II_HW_05_PROJ_2.3.a(CyLib.o)
                              .\CortexM3\ARM_GCC_541\Debug\Cm3Start.o (CyHalt)
.\CortexM3\ARM_GCC_541\Debug\AY1920_II_HW_05_PROJ_2.3.a(cyPm.o)
                              .\CortexM3\ARM_GCC_541\Debug\AY1920_II_HW_05_PROJ_2.3.a(CyLib.o) (CyPmReadStatus)
.\CortexM3\ARM_GCC_541\Debug\AY1920_II_HW_05_PROJ_2.3.a(Timer.o)
                              .\CortexM3\ARM_GCC_541\Debug\interrupt_routines.o (Timer_ReadStatusRegister)
.\CortexM3\ARM_GCC_541\Debug\AY1920_II_HW_05_PROJ_2.3.a(ISR_ReadData.o)
                              .\CortexM3\ARM_GCC_541\Debug\main.o (ISR_ReadData_StartEx)
.\CortexM3\ARM_GCC_541\Debug\AY1920_II_HW_05_PROJ_2.3.a(CyBootAsmGnu.o)
                              .\CortexM3\ARM_GCC_541\Debug\cyfitter_cfg.o (CyDelayCycles)
.\CortexM3\ARM_GCC_541\Debug\AY1920_II_HW_05_PROJ_2.3.a(CyFlash.o)
                              .\CortexM3\ARM_GCC_541\Debug\AY1920_II_HW_05_PROJ_2.3.a(cyPm.o) (CyFlash_SetWaitCycles)
.\CortexM3\ARM_GCC_541\Debug\AY1920_II_HW_05_PROJ_2.3.a(CySpc.o)
                              .\CortexM3\ARM_GCC_541\Debug\AY1920_II_HW_05_PROJ_2.3.a(CyFlash.o) (CySpcStart)
c:/program files (x86)/cypress/psoc creator/4.3/psoc creator/import/gnu/arm/5.4.1/bin/../lib/gcc/arm-none-eabi/5.4.1/armv7-m\libgcc.a(_arm_addsubdf3.o)
                              .\CortexM3\ARM_GCC_541\Debug\interrupt_routines.o (__aeabi_i2d)
c:/program files (x86)/cypress/psoc creator/4.3/psoc creator/import/gnu/arm/5.4.1/bin/../lib/gcc/arm-none-eabi/5.4.1/armv7-m\libgcc.a(_arm_muldivdf3.o)
                              .\CortexM3\ARM_GCC_541\Debug\interrupt_routines.o (__aeabi_dmul)
c:/program files (x86)/cypress/psoc creator/4.3/psoc creator/import/gnu/arm/5.4.1/bin/../lib/gcc/arm-none-eabi/5.4.1/armv7-m\libgcc.a(_arm_truncdfsf2.o)
                              .\CortexM3\ARM_GCC_541\Debug\interrupt_routines.o (__aeabi_d2f)
c:/program files (x86)/cypress/psoc creator/4.3/psoc creator/import/gnu/arm/5.4.1/bin/../lib/gcc/arm-none-eabi/5.4.1/armv7-m\libgcc.a(_arm_muldivsf3.o)
                              .\CortexM3\ARM_GCC_541\Debug\interrupt_routines.o (__aeabi_fmul)
c:/program files (x86)/cypress/psoc creator/4.3/psoc creator/import/gnu/arm/5.4.1/bin/../lib/gcc/arm-none-eabi/5.4.1/armv7-m\libgcc.a(_arm_fixsfsi.o)
                              .\CortexM3\ARM_GCC_541\Debug\interrupt_routines.o (__aeabi_f2iz)
c:/program files (x86)/cypress/psoc creator/4.3/psoc creator/import/gnu/arm/5.4.1/bin/../lib/gcc/arm-none-eabi/5.4.1/../../../../arm-none-eabi/lib/armv7-m\libg_nano.a(lib_a-errno.o)
                              .\CortexM3\ARM_GCC_541\Debug\Cm3Start.o (__errno)
c:/program files (x86)/cypress/psoc creator/4.3/psoc creator/import/gnu/arm/5.4.1/bin/../lib/gcc/arm-none-eabi/5.4.1/../../../../arm-none-eabi/lib/armv7-m\libg_nano.a(lib_a-exit.o)
                              c:/program files (x86)/cypress/psoc creator/4.3/psoc creator/import/gnu/arm/5.4.1/bin/../lib/gcc/arm-none-eabi/5.4.1/../../../../arm-none-eabi/lib/armv7-m/crt0.o (exit)
c:/program files (x86)/cypress/psoc creator/4.3/psoc creator/import/gnu/arm/5.4.1/bin/../lib/gcc/arm-none-eabi/5.4.1/../../../../arm-none-eabi/lib/armv7-m\libg_nano.a(lib_a-impure.o)
                              c:/program files (x86)/cypress/psoc creator/4.3/psoc creator/import/gnu/arm/5.4.1/bin/../lib/gcc/arm-none-eabi/5.4.1/../../../../arm-none-eabi/lib/armv7-m\libg_nano.a(lib_a-exit.o) (_global_impure_ptr)
c:/program files (x86)/cypress/psoc creator/4.3/psoc creator/import/gnu/arm/5.4.1/bin/../lib/gcc/arm-none-eabi/5.4.1/../../../../arm-none-eabi/lib/armv7-m\libg_nano.a(lib_a-init.o)
[...]
Memory Configuration

Name             Origin             Length             Attributes
rom              0x00000000         0x00040000         xr
ram              0x1fff8000         0x00010000         xrw
*default*        0x00000000         0xffffffff

Linker script and memory map

LOAD c:/program files (x86)/cypress/psoc creator/4.3/psoc creator/import/gnu/arm/5.4.1/bin/../lib/gcc/arm-none-eabi/5.4.1/armv7-m/crti.o
LOAD c:/program files (x86)/cypress/psoc creator/4.3/psoc creator/import/gnu/arm/5.4.1/bin/../lib/gcc/arm-none-eabi/5.4.1/armv7-m/crtbegin.o
LOAD c:/program files (x86)/cypress/psoc creator/4.3/psoc creator/import/gnu/arm/5.4.1/bin/../lib/gcc/arm-none-eabi/5.4.1/../../../../arm-none-eabi/lib/armv7-m/crt0.o
START GROUP
LOAD .\CortexM3\ARM_GCC_541\Debug\main.o
LOAD .\CortexM3\ARM_GCC_541\Debug\I2C_Interface.o
LOAD .\CortexM3\ARM_GCC_541\Debug\interrupt_routines.o
LOAD .\CortexM3\ARM_GCC_541\Debug\cyfitter_cfg.o
LOAD .\CortexM3\ARM_GCC_541\Debug\cymetadata.o
LOAD .\CortexM3\ARM_GCC_541\Debug\Cm3Start.o
LOAD .\CortexM3\ARM_GCC_541\Debug\AY1920_II_HW_05_PROJ_2.3.a
LOAD C:\Program Files (x86)\Cypress\PSoC Creator\4.3\PSoC Creator\psoc\content\cycomponentlibrary\CyComponentLibrary.cylib\CortexM3\ARM_GCC_541\Debug\CyComponentLibrary.a
END GROUP
START GROUP
LOAD c:/program files (x86)/cypress/psoc creator/4.3/psoc creator/import/gnu/arm/5.4.1/bin/../lib/gcc/arm-none-eabi/5.4.1/armv7-m\libgcc.a
LOAD c:/program files (x86)/cypress/psoc creator/4.3/psoc creator/import/gnu/arm/5.4.1/bin/../lib/gcc/arm-none-eabi/5.4.1/../../../../arm-none-eabi/lib/armv7-m\libg_nano.a
LOAD c:/program files (x86)/cypress/psoc creator/4.3/psoc creator/import/gnu/arm/5.4.1/bin/../lib/gcc/arm-none-eabi/5.4.1/../../../../arm-none-eabi/lib/armv7-m\libc_nano.a
END GROUP
START GROUP
LOAD c:/program files (x86)/cypress/psoc creator/4.3/psoc creator/import/gnu/arm/5.4.1/bin/../lib/gcc/arm-none-eabi/5.4.1/armv7-m\libgcc.a
LOAD c:/program files (x86)/cypress/psoc creator/4.3/psoc creator/import/gnu/arm/5.4.1/bin/../lib/gcc/arm-none-eabi/5.4.1/../../../../arm-none-eabi/lib/armv7-m\libc_nano.a
END GROUP
LOAD c:/program files (x86)/cypress/psoc creator/4.3/psoc creator/import/gnu/arm/5.4.1/bin/../lib/gcc/arm-none-eabi/5.4.1/armv7-m/crtend.o
LOAD c:/program files (x86)/cypress/psoc creator/4.3/psoc creator/import/gnu/arm/5.4.1/bin/../lib/gcc/arm-none-eabi/5.4.1/armv7-m/crtn.o
START GROUP
LOAD c:/program files (x86)/cypress/psoc creator/4.3/psoc creator/import/gnu/arm/5.4.1/bin/../lib/gcc/arm-none-eabi/5.4.1/armv7-m\libgcc.a
LOAD c:/program files (x86)/cypress/psoc creator/4.3/psoc creator/import/gnu/arm/5.4.1/bin/../lib/gcc/arm-none-eabi/5.4.1/../../../../arm-none-eabi/lib/armv7-m\libc.a
LOAD c:/program files (x86)/cypress/psoc creator/4.3/psoc creator/import/gnu/arm/5.4.1/bin/../lib/gcc/arm-none-eabi/5.4.1/../../../../arm-none-eabi/lib/armv7-m\libnosys.a
END GROUP
                0x00000000                CY_APPL_ORIGIN = 0x0
                0x00000100                CY_FLASH_ROW_SIZE = 0x100
                0x00000020                CY_ECC_ROW_SIZE = 0x20
                0x00000000                CY_EE_IN_BTLDR = 0x0
                0x00000000                CY_APPL_LOADABLE = 0x0
                0x00000800                CY_EE_SIZE = 0x800
                0x00000001                CY_APPL_NUM = 0x1
                0x00000001                CY_APPL_MAX = 0x1
                0x00000040                CY_METADATA_SIZE = 0x40
                0x00000000                CY_APPL_LOADABLE = 0x0
                0x00000000                CY_CHECKSUM_EXCLUDE_SIZE = ALIGN (0x0, CY_FLASH_ROW_SIZE)
                [!provide]                PROVIDE (__cy_heap_start, _end)
                0x00000001                PROVIDE (__cy_region_num, ((__cy_regions_end - __cy_regions) / 0x10))
                0x20008000                PROVIDE (__cy_stack, (ORIGIN (ram) + LENGTH (ram)))
                [!provide]                PROVIDE (__cy_heap_end, (__cy_stack - 0x800))

.cybootloader   0x00000000        0x0
 *(.cybootloader)
                0x00000000                appl1_start = CY_APPL_ORIGIN?CY_APPL_ORIGIN:ALIGN (CY_FLASH_ROW_SIZE)
                0x0001ff00                appl2_start = (appl1_start + ALIGN ((((LENGTH (rom) - appl1_start) - (0x2 * CY_FLASH_ROW_SIZE)) / 0x2), CY_FLASH_ROW_SIZE))
                0x00000000                appl_start = (CY_APPL_NUM == 0x1)?appl1_start:appl2_start
                0x00000000                ecc_offset = ((appl_start / CY_FLASH_ROW_SIZE) * CY_ECC_ROW_SIZE)
                0x00000000                ee_offset = (CY_APPL_LOADABLE && ! (CY_EE_IN_BTLDR))?((CY_EE_SIZE / CY_APPL_MAX) * (CY_APPL_NUM - 0x1)):0x0
                0x00000800                ee_size = (CY_APPL_LOADABLE && ! (CY_EE_IN_BTLDR))?(CY_EE_SIZE / CY_APPL_MAX):CY_EE_SIZE
                [!provide]                PROVIDE (CY_ECC_OFFSET, ecc_offset)

.text           0x00000000     0x2358
 CREATE_OBJECT_SYMBOLS
                0x00000000                PROVIDE (__cy_interrupt_vector, RomVectors)
 *(.romvectors)
 .romvectors    0x00000000       0x10 .\CortexM3\ARM_GCC_541\Debug\Cm3Start.o
                0x00000000                RomVectors
                0x00000001                ASSERT ((. != __cy_interrupt_vector), No interrupt vector)
                0x00000001                ASSERT (CY_APPL_ORIGIN?(SIZEOF (.cybootloader) <= CY_APPL_ORIGIN):0x1, Wrong image location)
                0x00000010                PROVIDE (__cy_reset, Reset)
 *(.text.Reset)
 .text.Reset    0x00000010       0x18 .\CortexM3\ARM_GCC_541\Debug\Cm3Start.o
                0x00000010                Reset
                0x00000001                ASSERT ((. != __cy_reset), No reset code)
 *(.dma_init)
                0x00000001                ASSERT ((((appl_start + .) <= 0x10000) || 0x1), DMA Init must be within the first 64k of flash)
 *(.text .text.* .gnu.linkonce.t.*)
 .text          0x00000028       0x5c c:/program files (x86)/cypress/psoc creator/4.3/psoc creator/import/gnu/arm/5.4.1/bin/../lib/gcc/arm-none-eabi/5.4.1/armv7-m/crtbegin.o
 .text.main     0x00000084      0x1a4 .\CortexM3\ARM_GCC_541\Debug\main.o
                0x00000084                main
 .text.I2C_Peripheral_Start
                0x00000228        0xc .\CortexM3\ARM_GCC_541\Debug\I2C_Interface.o
                0x00000228                I2C_Peripheral_Start
 .text.I2C_Peripheral_ReadRegister
                0x00000234       0x40 .\CortexM3\ARM_GCC_541\Debug\I2C_Interface.o
                0x00000234                I2C_Peripheral_ReadRegister
 .text.I2C_Peripheral_ReadRegisterMulti
                0x00000274       0x64 .\CortexM3\ARM_GCC_541\Debug\I2C_Interface.o
                0x00000274                I2C_Peripheral_ReadRegisterMulti
 .text.I2C_Peripheral_WriteRegister
                0x000002d8       0x30 .\CortexM3\ARM_GCC_541\Debug\I2C_Interface.o
                0x000002d8                I2C_Peripheral_WriteRegister
 .text.I2C_Peripheral_IsDeviceConnected
                0x00000308       0x18 .\CortexM3\ARM_GCC_541\Debug\I2C_Interface.o
                0x00000308                I2C_Peripheral_IsDeviceConnected
 .text.SaveAccelerometerData
                0x00000320       0xa0 .\CortexM3\ARM_GCC_541\Debug\interrupt_routines.o
                0x00000320                SaveAccelerometerData
 .text.Custom_ISR
                0x000003c0       0x50 .\CortexM3\ARM_GCC_541\Debug\interrupt_routines.o
                0x000003c0                Custom_ISR
 .text.CyClockStartupError
                0x00000410        0x4 .\CortexM3\ARM_GCC_541\Debug\cyfitter_cfg.o
 .text.cfg_write_bytes32
                0x00000414       0x34 .\CortexM3\ARM_GCC_541\Debug\cyfitter_cfg.o
 .text.AnalogSetDefault
                0x00000448       0x28 .\CortexM3\ARM_GCC_541\Debug\cyfitter_cfg.o
 .text.CYMEMZERO
                0x00000470        0xc .\CortexM3\ARM_GCC_541\Debug\cyfitter_cfg.o
 .text.ClockSetup
                0x0000047c       0xc8 .\CortexM3\ARM_GCC_541\Debug\cyfitter_cfg.o
 .text.CYCONFIGCPY
                0x00000544        0x8 .\CortexM3\ARM_GCC_541\Debug\cyfitter_cfg.o
 .text.cyfitter_cfg
                0x0000054c      0x100 .\CortexM3\ARM_GCC_541\Debug\cyfitter_cfg.o
                0x0000054c                cyfitter_cfg
 .text.IntDefaultHandler
                0x0000064c       0x10 .\CortexM3\ARM_GCC_541\Debug\Cm3Start.o
                0x0000064c                IntDefaultHandler
 .text._sbrk    0x0000065c       0x30 .\CortexM3\ARM_GCC_541\Debug\Cm3Start.o
                0x0000065c                _sbrk
 .text.Start_c  0x0000068c       0x4c .\CortexM3\ARM_GCC_541\Debug\Cm3Start.o
                0x0000068c                Start_c
 .text.initialize_psoc
                0x000006d8       0x68 .\CortexM3\ARM_GCC_541\Debug\Cm3Start.o
                0x000006d8                initialize_psoc
 .text.UART_Debug_Init
                0x00000740       0x24 .\CortexM3\ARM_GCC_541\Debug\AY1920_II_HW_05_PROJ_2.3.a(UART_Debug.o)
                0x00000740                UART_Debug_Init
 .text.UART_Debug_Enable
                0x00000764       0x38 .\CortexM3\ARM_GCC_541\Debug\AY1920_II_HW_05_PROJ_2.3.a(UART_Debug.o)
                0x00000764                UART_Debug_Enable
 .text.UART_Debug_Start
                0x0000079c       0x1c .\CortexM3\ARM_GCC_541\Debug\AY1920_II_HW_05_PROJ_2.3.a(UART_Debug.o)
                0x0000079c                UART_Debug_Start
 .text.UART_Debug_PutChar
                0x000007b8       0x18 .\CortexM3\ARM_GCC_541\Debug\AY1920_II_HW_05_PROJ_2.3.a(UART_Debug.o)
                0x000007b8                UART_Debug_PutChar
 .text.UART_Debug_PutString
                0x000007d0       0x24 .\CortexM3\ARM_GCC_541\Debug\AY1920_II_HW_05_PROJ_2.3.a(UART_Debug.o)
                0x000007d0                UART_Debug_PutString
 .text.UART_Debug_PutArray
                0x000007f4       0x28 .\CortexM3\ARM_GCC_541\Debug\AY1920_II_HW_05_PROJ_2.3.a(UART_Debug.o)
                0x000007f4                UART_Debug_PutArray
 .text.I2C_Master_Init
                0x0000081c       0x68 .\CortexM3\ARM_GCC_541\Debug\AY1920_II_HW_05_PROJ_2.3.a(I2C_Master.o)
                0x0000081c                I2C_Master_Init
 .text.I2C_Master_Enable
                0x00000884       0x24 .\CortexM3\ARM_GCC_541\Debug\AY1920_II_HW_05_PROJ_2.3.a(I2C_Master.o)
                0x00000884                I2C_Master_Enable
 .text.I2C_Master_Start
                0x000008a8       0x28 .\CortexM3\ARM_GCC_541\Debug\AY1920_II_HW_05_PROJ_2.3.a(I2C_Master.o)
                0x000008a8                I2C_Master_Start
 .text.I2C_Master_ISR
                0x000008d0      0x2d0 .\CortexM3\ARM_GCC_541\Debug\AY1920_II_HW_05_PROJ_2.3.a(I2C_Master_INT.o)
                0x000008d0                I2C_Master_ISR
 .text.I2C_Master_MasterSendStart
                0x00000ba0       0x80 .\CortexM3\ARM_GCC_541\Debug\AY1920_II_HW_05_PROJ_2.3.a(I2C_Master_MASTER.o)
                0x00000ba0                I2C_Master_MasterSendStart
 .text.I2C_Master_MasterSendRestart
                0x00000c20       0x6c .\CortexM3\ARM_GCC_541\Debug\AY1920_II_HW_05_PROJ_2.3.a(I2C_Master_MASTER.o)
                0x00000c20                I2C_Master_MasterSendRestart
 .text.I2C_Master_MasterSendStop
                0x00000c8c       0x38 .\CortexM3\ARM_GCC_541\Debug\AY1920_II_HW_05_PROJ_2.3.a(I2C_Master_MASTER.o)
                0x00000c8c                I2C_Master_MasterSendStop
 .text.I2C_Master_MasterWriteByte
                0x00000cc4       0x58 .\CortexM3\ARM_GCC_541\Debug\AY1920_II_HW_05_PROJ_2.3.a(I2C_Master_MASTER.o)
                0x00000cc4                I2C_Master_MasterWriteByte
 .text.I2C_Master_MasterReadByte
                0x00000d1c       0x58 .\CortexM3\ARM_GCC_541\Debug\AY1920_II_HW_05_PROJ_2.3.a(I2C_Master_MASTER.o)
                0x00000d1c                I2C_Master_MasterReadByte
 .text.UART_Debug_IntClock_Start
                0x00000d74       0x1c .\CortexM3\ARM_GCC_541\Debug\AY1920_II_HW_05_PROJ_2.3.a(UART_Debug_IntClock.o)
                0x00000d74                UART_Debug_IntClock_Start
 .text.CyHalt   0x00000d90        0x4 .\CortexM3\ARM_GCC_541\Debug\AY1920_II_HW_05_PROJ_2.3.a(CyLib.o)
                0x00000d90                CyHalt
 .text.CyDelay  0x00000d94       0x2c .\CortexM3\ARM_GCC_541\Debug\AY1920_II_HW_05_PROJ_2.3.a(CyLib.o)
                0x00000d94                CyDelay
 .text.CyIntSetVector
                0x00000dc0       0x28 .\CortexM3\ARM_GCC_541\Debug\AY1920_II_HW_05_PROJ_2.3.a(CyLib.o)
                0x00000dc0                CyIntSetVector
 .text.CyIntSetPriority
                0x00000de8       0x30 .\CortexM3\ARM_GCC_541\Debug\AY1920_II_HW_05_PROJ_2.3.a(CyLib.o)
                0x00000de8                CyIntSetPriority
 .text.Timer_Enable
                0x00000e18       0x28 .\CortexM3\ARM_GCC_541\Debug\AY1920_II_HW_05_PROJ_2.3.a(Timer.o)
                0x00000e18                Timer_Enable
 .text.Timer_SetInterruptMode
                0x00000e40        0xc .\CortexM3\ARM_GCC_541\Debug\AY1920_II_HW_05_PROJ_2.3.a(Timer.o)
                0x00000e40                Timer_SetInterruptMode
 .text.Timer_ReadStatusRegister
                0x00000e4c        0xc .\CortexM3\ARM_GCC_541\Debug\AY1920_II_HW_05_PROJ_2.3.a(Timer.o)
                0x00000e4c                Timer_ReadStatusRegister
 .text.Timer_WritePeriod
                0x00000e58        0xc .\CortexM3\ARM_GCC_541\Debug\AY1920_II_HW_05_PROJ_2.3.a(Timer.o)
                0x00000e58                Timer_WritePeriod
 .text.Timer_WriteCounter
                0x00000e64        0xc .\CortexM3\ARM_GCC_541\Debug\AY1920_II_HW_05_PROJ_2.3.a(Timer.o)
                0x00000e64                Timer_WriteCounter
 .text.Timer_Init
                0x00000e70       0x64 .\CortexM3\ARM_GCC_541\Debug\AY1920_II_HW_05_PROJ_2.3.a(Timer.o)
                0x00000e70                Timer_Init
 .text.Timer_Start
                0x00000ed4       0x1c .\CortexM3\ARM_GCC_541\Debug\AY1920_II_HW_05_PROJ_2.3.a(Timer.o)
                0x00000ed4                Timer_Start
 .text.ISR_ReadData_SetVector
                0x00000ef0       0x10 .\CortexM3\ARM_GCC_541\Debug\AY1920_II_HW_05_PROJ_2.3.a(ISR_ReadData.o)
                0x00000ef0                ISR_ReadData_SetVector
 .text.ISR_ReadData_SetPriority
                0x00000f00       0x10 .\CortexM3\ARM_GCC_541\Debug\AY1920_II_HW_05_PROJ_2.3.a(ISR_ReadData.o)
                0x00000f00                ISR_ReadData_SetPriority
 .text.ISR_ReadData_Enable
                0x00000f10       0x10 .\CortexM3\ARM_GCC_541\Debug\AY1920_II_HW_05_PROJ_2.3.a(ISR_ReadData.o)
                0x00000f10                ISR_ReadData_Enable
 .text.ISR_ReadData_Disable
                0x00000f20       0x10 .\CortexM3\ARM_GCC_541\Debug\AY1920_II_HW_05_PROJ_2.3.a(ISR_ReadData.o)
                0x00000f20                ISR_ReadData_Disable
 .text.ISR_ReadData_StartEx
                0x00000f30       0x1c .\CortexM3\ARM_GCC_541\Debug\AY1920_II_HW_05_PROJ_2.3.a(ISR_ReadData.o)
                0x00000f30                ISR_ReadData_StartEx
 *fill*         0x00000f4c        0x4 
 .text          0x00000f50       0x20 .\CortexM3\ARM_GCC_541\Debug\AY1920_II_HW_05_PROJ_2.3.a(CyBootAsmGnu.o)
                0x00000f50                CyDelayCycles
                0x00000f60                CyEnterCriticalSection
                0x00000f68                CyExitCriticalSection
 .text          0x00000f70      0x370 c:/program files (x86)/cypress/psoc creator/4.3/psoc creator/import/gnu/arm/5.4.1/bin/../lib/gcc/arm-none-eabi/5.4.1/armv7-m\libgcc.a(_arm_addsubdf3.o)
                0x00000f70                __aeabi_drsub
                0x00000f78                __aeabi_dsub
                0x00000f78                __subdf3
                0x00000f7c                __aeabi_dadd
                0x00000f7c                __adddf3
                0x000011f4                __floatunsidf
                0x000011f4                __aeabi_ui2d
                0x00001214                __floatsidf
                0x00001214                __aeabi_i2d
                0x00001238                __aeabi_f2d
                0x00001238                __extendsfdf2
                0x00001274                __floatundidf
                0x00001274                __aeabi_ul2d
                0x00001284                __floatdidf
                0x00001284                __aeabi_l2d
 .text          0x000012e0      0x424 c:/program files (x86)/cypress/psoc creator/4.3/psoc creator/import/gnu/arm/5.4.1/bin/../lib/gcc/arm-none-eabi/5.4.1/armv7-m\libgcc.a(_arm_muldivdf3.o)
                0x000012e0                __aeabi_dmul
                0x000012e0                __muldf3
                0x00001534                __divdf3
                0x00001534                __aeabi_ddiv
 .text          0x00001704       0xa0 c:/program files (x86)/cypress/psoc creator/4.3/psoc creator/import/gnu/arm/5.4.1/bin/../lib/gcc/arm-none-eabi/5.4.1/armv7-m\libgcc.a(_arm_truncdfsf2.o)
                0x00001704                __truncdfsf2
                0x00001704                __aeabi_d2f
 .text          0x000017a4      0x2a0 c:/program files (x86)/cypress/psoc creator/4.3/psoc creator/import/gnu/arm/5.4.1/bin/../lib/gcc/arm-none-eabi/5.4.1/armv7-m\libgcc.a(_arm_muldivsf3.o)
                0x000017a4                __mulsf3
                0x000017a4                __aeabi_fmul
                0x0000190c                __aeabi_fdiv
                0x0000190c                __divsf3
 .text          0x00001a44       0x4c c:/program files (x86)/cypress/psoc creator/4.3/psoc creator/import/gnu/arm/5.4.1/bin/../lib/gcc/arm-none-eabi/5.4.1/armv7-m\libgcc.a(_arm_fixsfsi.o)
                0x00001a44                __aeabi_f2iz
                0x00001a44                __fixsfsi
 .text.__errno  0x00001a90        0xc c:/program files (x86)/cypress/psoc creator/4.3/psoc creator/import/gnu/arm/5.4.1/bin/../lib/gcc/arm-none-eabi/5.4.1/../../../../arm-none-eabi/lib/armv7-m\libg_nano.a(lib_a-errno.o)
                0x00001a90                __errno
 .text.__libc_init_array
                0x00001a9c       0x4c c:/program files (x86)/cypress/psoc creator/4.3/psoc creator/import/gnu/arm/5.4.1/bin/../lib/gcc/arm-none-eabi/5.4.1/../../../../arm-none-eabi/lib/armv7-m\libg_nano.a(lib_a-init.o)
                0x00001a9c                __libc_init_array
 .text.memcpy   0x00001ae8       0x16 c:/program files (x86)/cypress/psoc creator/4.3/psoc creator/import/gnu/arm/5.4.1/bin/../lib/gcc/arm-none-eabi/5.4.1/../../../../arm-none-eabi/lib/armv7-m\libg_nano.a(lib_a-memcpy-stub.o)
                0x00001ae8                memcpy
 .text.memset   0x00001afe       0x10 c:/program files (x86)/cypress/psoc creator/4.3/psoc creator/import/gnu/arm/5.4.1/bin/../lib/gcc/arm-none-eabi/5.4.1/../../../../arm-none-eabi/lib/armv7-m\libg_nano.a(lib_a-memset.o)
                0x00001afe                memset
 *fill*         0x00001b0e        0x2 
 .text.sprintf  0x00001b10       0x48 c:/program files (x86)/cypress/psoc creator/4.3/psoc creator/import/gnu/arm/5.4.1/bin/../lib/gcc/arm-none-eabi/5.4.1/../../../../arm-none-eabi/lib/armv7-m\libg_nano.a(lib_a-sprintf.o)
                0x00001b10                siprintf
                0x00001b10                sprintf
 .text.__ssputs_r
                0x00001b58       0xb2 c:/program files (x86)/cypress/psoc creator/4.3/psoc creator/import/gnu/arm/5.4.1/bin/../lib/gcc/arm-none-eabi/5.4.1/../../../../arm-none-eabi/lib/armv7-m\libg_nano.a(lib_a-nano-svfprintf.o)
                0x00001b58                __ssputs_r
 *fill*         0x00001c0a        0x2 
 .text._svfprintf_r
                0x00001c0c      0x1e8 c:/program files (x86)/cypress/psoc creator/4.3/psoc creator/import/gnu/arm/5.4.1/bin/../lib/gcc/arm-none-eabi/5.4.1/../../../../arm-none-eabi/lib/armv7-m\libg_nano.a(lib_a-nano-svfprintf.o)
                0x00001c0c                _svfiprintf_r
                0x00001c0c                _svfprintf_r
 .text._printf_common
                0x00001df4       0xec c:/program files (x86)/cypress/psoc creator/4.3/psoc creator/import/gnu/arm/5.4.1/bin/../lib/gcc/arm-none-eabi/5.4.1/../../../../arm-none-eabi/lib/armv7-m\libg_nano.a(lib_a-nano-vfprintf_i.o)
                0x00001df4                _printf_common
 .text._printf_i
                0x00001ee0      0x24c c:/program files (x86)/cypress/psoc creator/4.3/psoc creator/import/gnu/arm/5.4.1/bin/../lib/gcc/arm-none-eabi/5.4.1/../../../../arm-none-eabi/lib/armv7-m\libg_nano.a(lib_a-nano-vfprintf_i.o)
                0x00001ee0                _printf_i
 .text.memchr   0x0000212c       0x1c c:/program files (x86)/cypress/psoc creator/4.3/psoc creator/import/gnu/arm/5.4.1/bin/../lib/gcc/arm-none-eabi/5.4.1/../../../../arm-none-eabi/lib/armv7-m\libg_nano.a(lib_a-memchr-stub.o)
                0x0000212c                memchr
 .text.memmove  0x00002148       0x36 c:/program files (x86)/cypress/psoc creator/4.3/psoc creator/import/gnu/arm/5.4.1/bin/../lib/gcc/arm-none-eabi/5.4.1/../../../../arm-none-eabi/lib/armv7-m\libg_nano.a(lib_a-memmove.o)
                0x00002148                memmove
 *fill*         0x0000217e        0x2 
 .text._free_r  0x00002180       0x98 c:/program files (x86)/cypress/psoc creator/4.3/psoc creator/import/gnu/arm/5.4.1/bin/../lib/gcc/arm-none-eabi/5.4.1/../../../../arm-none-eabi/lib/armv7-m\libg_nano.a(lib_a-nano-freer.o)
                0x00002180                _free_r
 .text._malloc_r
                0x00002218       0xbc c:/program files (x86)/cypress/psoc creator/4.3/psoc creator/import/gnu/arm/5.4.1/bin/../lib/gcc/arm-none-eabi/5.4.1/../../../../arm-none-eabi/lib/armv7-m\libg_nano.a(lib_a-nano-mallocr.o)
                0x00002218                _malloc_r
 .text._realloc_r
                0x000022d4       0x4c c:/program files (x86)/cypress/psoc creator/4.3/psoc creator/import/gnu/arm/5.4.1/bin/../lib/gcc/arm-none-eabi/5.4.1/../../../../arm-none-eabi/lib/armv7-m\libg_nano.a(lib_a-nano-reallocr.o)
                0x000022d4                _realloc_r
 .text._sbrk_r  0x00002320       0x20 c:/program files (x86)/cypress/psoc creator/4.3/psoc creator/import/gnu/arm/5.4.1/bin/../lib/gcc/arm-none-eabi/5.4.1/../../../../arm-none-eabi/lib/armv7-m\libg_nano.a(lib_a-sbrkr.o)
                0x00002320                _sbrk_r
 .text.__malloc_lock
                0x00002340        0x2 c:/program files (x86)/cypress/psoc creator/4.3/psoc creator/import/gnu/arm/5.4.1/bin/../lib/gcc/arm-none-eabi/5.4.1/../../../../arm-none-eabi/lib/armv7-m\libg_nano.a(lib_a-mlock.o)
                0x00002340                __malloc_lock
 .text.__malloc_unlock
                0x00002342        0x2 c:/program files (x86)/cypress/psoc creator/4.3/psoc creator/import/gnu/arm/5.4.1/bin/../lib/gcc/arm-none-eabi/5.4.1/../../../../arm-none-eabi/lib/armv7-m\libg_nano.a(lib_a-mlock.o)
                0x00002342                __malloc_unlock
 .text._malloc_usable_size_r
                0x00002344       0x14 c:/program files (x86)/cypress/psoc creator/4.3/psoc creator/import/gnu/arm/5.4.1/bin/../lib/gcc/arm-none-eabi/5.4.1/../../../../arm-none-eabi/lib/armv7-m\libg_nano.a(lib_a-nano-msizer.o)
                0x00002344                _malloc_usable_size_r
 *(.plt)
 *(.gnu.warning)
 *(.glue_7t)
 .glue_7t       0x00002358        0x0 linker stubs
 *(.glue_7)
 .glue_7        0x00002358        0x0 linker stubs
 *(.vfp11_veneer)
 .vfp11_veneer  0x00002358        0x0 linker stubs
 *(.bootloader)
 *(.ARM.extab* .gnu.linkonce.armextab.*)
 *(.gcc_except_table)

.v4_bx          0x00002358        0x0
 .v4_bx         0x00002358        0x0 linker stubs

.iplt           0x00002358        0x0
 .iplt          0x00002358        0x0 c:/program files (x86)/cypress/psoc creator/4.3/psoc creator/import/gnu/arm/5.4.1/bin/../lib/gcc/arm-none-eabi/5.4.1/armv7-m/crtbegin.o

.eh_frame_hdr
 *(.eh_frame_hdr)

.eh_frame       0x00002358        0x4
 *(.eh_frame)
 .eh_frame      0x00002358        0x0 c:/program files (x86)/cypress/psoc creator/4.3/psoc creator/import/gnu/arm/5.4.1/bin/../lib/gcc/arm-none-eabi/5.4.1/armv7-m/crtbegin.o
 .eh_frame      0x00002358        0x4 c:/program files (x86)/cypress/psoc creator/4.3/psoc creator/import/gnu/arm/5.4.1/bin/../lib/gcc/arm-none-eabi/5.4.1/armv7-m/crtend.o
                [!provide]                PROVIDE (__exidx_start, .)

.ARM.exidx
 *(.ARM.exidx* .gnu.linkonce.armexidx.*)
                0x0000235c                __exidx_end = .

.rodata         0x0000235c      0x224
 *(.rodata .rodata.* .gnu.linkonce.r.*)
 .rodata.str1.4
                0x0000235c      0x15c .\CortexM3\ARM_GCC_541\Debug\main.o
 .rodata        0x000024b8       0x58 .\CortexM3\ARM_GCC_541\Debug\cyfitter_cfg.o
 .rodata.str1.1
                0x00002510        0x2 c:/program files (x86)/cypress/psoc creator/4.3/psoc creator/import/gnu/arm/5.4.1/bin/../lib/gcc/arm-none-eabi/5.4.1/../../../../arm-none-eabi/lib/armv7-m\libg_nano.a(lib_a-impure.o)
 .rodata.str1.1
                0x00002512       0x11 c:/program files (x86)/cypress/psoc creator/4.3/psoc creator/import/gnu/arm/5.4.1/bin/../lib/gcc/arm-none-eabi/5.4.1/../../../../arm-none-eabi/lib/armv7-m\libg_nano.a(lib_a-nano-svfprintf.o)
 .rodata.str1.1
                0x00002523       0x22 c:/program files (x86)/cypress/psoc creator/4.3/psoc creator/import/gnu/arm/5.4.1/bin/../lib/gcc/arm-none-eabi/5.4.1/../../../../arm-none-eabi/lib/armv7-m\libg_nano.a(lib_a-nano-vfprintf_i.o)
                0x00002548                . = ALIGN (0x4)
 *fill*         0x00002545        0x3 
 *(.init)
 .init          0x00002548        0x4 c:/program files (x86)/cypress/psoc creator/4.3/psoc creator/import/gnu/arm/5.4.1/bin/../lib/gcc/arm-none-eabi/5.4.1/armv7-m/crti.o
                0x00002548                _init
 .init          0x0000254c        0x8 c:/program files (x86)/cypress/psoc creator/4.3/psoc creator/import/gnu/arm/5.4.1/bin/../lib/gcc/arm-none-eabi/5.4.1/armv7-m/crtn.o
                0x00002554                . = ALIGN (0x4)
                0x00002554                __preinit_array_start = .
 *(.preinit_array)
                0x00002554                __preinit_array_end = .
                0x00002554                . = ALIGN (0x4)
                0x00002554                __init_array_start = .
 *(SORT(.init_array.*))
 *(.init_array)
 .init_array    0x00002554        0x4 c:/program files (x86)/cypress/psoc creator/4.3/psoc creator/import/gnu/arm/5.4.1/bin/../lib/gcc/arm-none-eabi/5.4.1/armv7-m/crtbegin.o
 .init_array    0x00002558        0x4 .\CortexM3\ARM_GCC_541\Debug\Cm3Start.o
                0x0000255c                __init_array_end = .
                0x0000255c                . = ALIGN (0x4)
 *(.fini)
 .fini          0x0000255c        0x4 c:/program files (x86)/cypress/psoc creator/4.3/psoc creator/import/gnu/arm/5.4.1/bin/../lib/gcc/arm-none-eabi/5.4.1/armv7-m/crti.o
                0x0000255c                _fini
 .fini          0x00002560        0x8 c:/program files (x86)/cypress/psoc creator/4.3/psoc creator/import/gnu/arm/5.4.1/bin/../lib/gcc/arm-none-eabi/5.4.1/armv7-m/crtn.o
                0x00002568                . = ALIGN (0x4)
                0x00002568                __fini_array_start = .
 *(.fini_array)
 .fini_array    0x00002568        0x4 c:/program files (x86)/cypress/psoc creator/4.3/psoc creator/import/gnu/arm/5.4.1/bin/../lib/gcc/arm-none-eabi/5.4.1/armv7-m/crtbegin.o
 *(SORT(.fini_array.*))
                0x0000256c                __fini_array_end = .
                0x0000256c                . = ALIGN (0x4)
 *crtbegin.o(.ctors)
 *(EXCLUDE_FILE(*crtend.o) .ctors)
 *(SORT(.ctors.*))
 *crtend.o(.ctors)
                0x0000256c                . = ALIGN (0x4)
 *crtbegin.o(.dtors)
 *(EXCLUDE_FILE(*crtend.o) .dtors)
 *(SORT(.dtors.*))
 *crtend.o(.dtors)
                0x0000256c                . = ALIGN (0x4)
                0x0000256c                __cy_regions = .
                0x0000256c        0x4 LONG 0x2580 __cy_region_init_ram
                0x00002570        0x4 LONG 0x1fff80c8 __cy_region_start_data
                0x00002574        0x4 LONG 0x80 __cy_region_init_size_ram
                0x00002578        0x4 LONG 0x58 __cy_region_zero_size_ram
                0x0000257c                __cy_regions_end = .
                0x00002580                . = ALIGN (0x8)
 *fill*         0x0000257c        0x4 
                0x00002580                _etext = .

.cy_checksum_exclude
                0x00002580        0x0
 *(.cy_checksum_exclude)

.ramvectors     0x1fff8000       0xc0
                0x1fff8000                __cy_region_start_ram = .
 *(.ramvectors)
 .ramvectors    0x1fff8000       0xc0 .\CortexM3\ARM_GCC_541\Debug\Cm3Start.o
                0x1fff8000                CyRamVectors

.noinit         0x1fff80c0        0x1
 *(.noinit)
 .noinit        0x1fff80c0        0x1 .\CortexM3\ARM_GCC_541\Debug\AY1920_II_HW_05_PROJ_2.3.a(CyLib.o)
                0x1fff80c0                CyResetStatus

.data           0x1fff80c8       0x80 load address 0x00002580
                0x1fff80c8                __cy_region_start_data = .
 *(.jcr)
 .jcr           0x1fff80c8        0x0 c:/program files (x86)/cypress/psoc creator/4.3/psoc creator/import/gnu/arm/5.4.1/bin/../lib/gcc/arm-none-eabi/5.4.1/armv7-m/crtbegin.o
 .jcr           0x1fff80c8        0x4 c:/program files (x86)/cypress/psoc creator/4.3/psoc creator/import/gnu/arm/5.4.1/bin/../lib/gcc/arm-none-eabi/5.4.1/armv7-m/crtend.o
 *(.got.plt)
 *(.got)
 *(.shdata)
 *(.data .data.* .gnu.linkonce.d.*)
 .data          0x1fff80cc        0x4 .\CortexM3\ARM_GCC_541\Debug\Cm3Start.o
 .data          0x1fff80d0       0x10 .\CortexM3\ARM_GCC_541\Debug\AY1920_II_HW_05_PROJ_2.3.a(CyLib.o)
                0x1fff80d0                cydelay_32k_ms
                0x1fff80d4                cydelay_freq_khz
                0x1fff80d8                cydelay_freq_mhz
                0x1fff80dc                cydelay_freq_hz
 .data.impure_data
                0x1fff80e0       0x60 c:/program files (x86)/cypress/psoc creator/4.3/psoc creator/import/gnu/arm/5.4.1/bin/../lib/gcc/arm-none-eabi/5.4.1/../../../../arm-none-eabi/lib/armv7-m\libg_nano.a(lib_a-impure.o)
 .data._impure_ptr
                0x1fff8140        0x4 c:/program files (x86)/cypress/psoc creator/4.3/psoc creator/import/gnu/arm/5.4.1/bin/../lib/gcc/arm-none-eabi/5.4.1/../../../../arm-none-eabi/lib/armv7-m\libg_nano.a(lib_a-impure.o)
                0x1fff8140                _impure_ptr
                0x1fff8148                . = ALIGN (0x8)
 *fill*         0x1fff8144        0x4 
 *(.ram)
                0x1fff8148                _edata = .

.igot.plt       0x1fff8148        0x0 load address 0x00002600
 .igot.plt      0x1fff8148        0x0 c:/program files (x86)/cypress/psoc creator/4.3/psoc creator/import/gnu/arm/5.4.1/bin/../lib/gcc/arm-none-eabi/5.4.1/armv7-m/crtbegin.o

.bss            0x1fff8148       0x58 load address 0x00002600
                0x1fff8148                PROVIDE (__bss_start__, .)
 *(.shbss)
 *(.bss .bss.* .gnu.linkonce.b.*)
 .bss           0x1fff8148       0x1c c:/program files (x86)/cypress/psoc creator/4.3/psoc creator/import/gnu/arm/5.4.1/bin/../lib/gcc/arm-none-eabi/5.4.1/armv7-m/crtbegin.o
 .bss           0x1fff8164        0x2 .\CortexM3\ARM_GCC_541\Debug\AY1920_II_HW_05_PROJ_2.3.a(UART_Debug.o)
                0x1fff8164                UART_Debug_initVar
 .bss           0x1fff8166        0x1 .\CortexM3\ARM_GCC_541\Debug\AY1920_II_HW_05_PROJ_2.3.a(I2C_Master.o)
                0x1fff8166                I2C_Master_initVar
 .bss           0x1fff8167        0x1 .\CortexM3\ARM_GCC_541\Debug\AY1920_II_HW_05_PROJ_2.3.a(Timer.o)
                0x1fff8167                Timer_initVar
 .bss.__malloc_sbrk_start
                0x1fff8168        0x4 c:/program files (x86)/cypress/psoc creator/4.3/psoc creator/import/gnu/arm/5.4.1/bin/../lib/gcc/arm-none-eabi/5.4.1/../../../../arm-none-eabi/lib/armv7-m\libg_nano.a(lib_a-nano-mallocr.o)
                0x1fff8168                __malloc_sbrk_start
 .bss.__malloc_free_list
                0x1fff816c        0x4 c:/program files (x86)/cypress/psoc creator/4.3/psoc creator/import/gnu/arm/5.4.1/bin/../lib/gcc/arm-none-eabi/5.4.1/../../../../arm-none-eabi/lib/armv7-m\libg_nano.a(lib_a-nano-mallocr.o)
                0x1fff816c                __malloc_free_list
 *(COMMON)
 COMMON         0x1fff8170       0x12 .\CortexM3\ARM_GCC_541\Debug\main.o
                0x1fff8170                new_data
                0x1fff8174                packet_to_send
 *fill*         0x1fff8182        0x2 
 COMMON         0x1fff8184        0x6 .\CortexM3\ARM_GCC_541\Debug\interrupt_routines.o
                0x1fff8184                accelerometer_data
 COMMON         0x1fff818a        0x1 .\CortexM3\ARM_GCC_541\Debug\AY1920_II_HW_05_PROJ_2.3.a(I2C_Master.o)
                0x1fff818a                I2C_Master_state
 *fill*         0x1fff818b        0x1 
 COMMON         0x1fff818c        0xf .\CortexM3\ARM_GCC_541\Debug\AY1920_II_HW_05_PROJ_2.3.a(I2C_Master_MASTER.o)
                0x1fff818c                I2C_Master_mstrRdBufIndex
                0x1fff818d                I2C_Master_mstrWrBufIndex
                0x1fff818e                I2C_Master_mstrWrBufSize
                0x1fff8190                I2C_Master_mstrWrBufPtr
                0x1fff8194                I2C_Master_mstrRdBufPtr
                0x1fff8198                I2C_Master_mstrControl
                0x1fff8199                I2C_Master_mstrStatus
                0x1fff819a                I2C_Master_mstrRdBufSize
 *fill*         0x1fff819b        0x1 
 COMMON         0x1fff819c        0x4 c:/program files (x86)/cypress/psoc creator/4.3/psoc creator/import/gnu/arm/5.4.1/bin/../lib/gcc/arm-none-eabi/5.4.1/../../../../arm-none-eabi/lib/armv7-m\libg_nano.a(lib_a-reent.o)
                0x1fff819c                errno
                0x1fff81a0                . = ALIGN (0x8)
 *(.ram.b)
                0x1fff81a0                _end = .
                0x1fff81a0                __end = .
                0x1fff81a0                PROVIDE (end, .)
                0x1fff81a0                PROVIDE (__bss_end__, .)
                0x00002580                __cy_region_init_ram = LOADADDR (.data)
                0x00000080                __cy_region_init_size_ram = (_edata - ADDR (.data))
                0x00000058                __cy_region_zero_size_ram = (_end - _edata)

.heap           0x1fff81a0       0x80 load address 0x00002600
                0x1fff81a0                . = _end
                0x1fff8220                . = (. + 0x80)
 *fill*         0x1fff81a0       0x80 
                0x1fff8220                __cy_heap_limit = .

.stack          0x20007800      0x800
                0x20007800                __cy_stack_limit = .
                0x20008000                . = (. + 0x800)
 *fill*         0x20007800      0x800 
                0x00000001                ASSERT ((__cy_stack_limit >= __cy_heap_limit), region RAM overflowed with stack)
                0x00000000                cy_checksum_exclude_size = (CY_APPL_LOADABLE == 0x1)?SIZEOF (.cy_checksum_exclude):0x0
                0x00000001                ASSERT ((cy_checksum_exclude_size <= CY_CHECKSUM_EXCLUDE_SIZE), CY_BOOT: Section .cy_checksum_exclude size exceedes specified limit.)

.cyloadermeta
 *(.cyloadermeta)

.cyloadablemeta
 *(.cyloadablemeta)

.cyconfigecc    0x80000000      0x360
 *(.cyconfigecc)
 .cyconfigecc   0x80000000      0x360 .\CortexM3\ARM_GCC_541\Debug\cymetadata.o
                0x80000000                cy_meta_configecc

.cycustnvl      0x90000000        0x4
 *(.cycustnvl)
 .cycustnvl     0x90000000        0x4 .\CortexM3\ARM_GCC_541\Debug\cymetadata.o
                0x90000000                cy_meta_custnvl

.cywolatch      0x90100000        0x4
 *(.cywolatch)
 .cywolatch     0x90100000        0x4 .\CortexM3\ARM_GCC_541\Debug\cymetadata.o
                0x90100000                cy_meta_wonvl

.cyeeprom       0x90200000        0x0
 *(.cyeeprom)
                0x00000001                ASSERT ((. <= ((0x90200000 + ee_offset) + ee_size)), .cyeeprom data will not fit in EEPROM)

.cyflashprotect
                0x90400000      0x100
 *(.cyflashprotect)
 .cyflashprotect
                0x90400000      0x100 .\CortexM3\ARM_GCC_541\Debug\cymetadata.o
                0x90400000                cy_meta_flashprotect

.cymeta         0x90500000        0xc
 *(.cymeta)
 .cymeta        0x90500000        0xc .\CortexM3\ARM_GCC_541\Debug\cymetadata.o
                0x90500000                cy_metadata

.rel.dyn        0x00002600        0x0 load address 0x9050000c
 .rel.iplt      0x00002600        0x0 c:/program files (x86)/cypress/psoc creator/4.3/psoc creator/import/gnu/arm/5.4.1/bin/../lib/gcc/arm-none-eabi/5.4.1/armv7-m/crtbegin.o

.stab
 *(.stab)

.stabstr
 *(.stabstr)

.debug
 *(.debug)

.line
 *(.line)

.debug_srcinfo
 *(.debug_srcinfo)

.debug_sfnames
 *(.debug_sfnames)

.debug_aranges  0x00000000      0x928
 *(.debug_aranges)
 .debug_aranges
                0x00000000       0x20 .\CortexM3\ARM_GCC_541\Debug\main.o
 .debug_aranges
                0x00000020       0x50 .\CortexM3\ARM_GCC_541\Debug\I2C_Interface.o
 .debug_aranges
                0x00000070       0x28 .\CortexM3\ARM_GCC_541\Debug\interrupt_routines.o
 .debug_aranges
                0x00000098       0x58 .\CortexM3\ARM_GCC_541\Debug\cyfitter_cfg.o
 .debug_aranges
                0x000000f0       0x18 .\CortexM3\ARM_GCC_541\Debug\cymetadata.o
 .debug_aranges
                0x00000108       0x48 .\CortexM3\ARM_GCC_541\Debug\Cm3Start.o
 .debug_aranges
                0x00000150       0xf0 .\CortexM3\ARM_GCC_541\Debug\AY1920_II_HW_05_PROJ_2.3.a(UART_Debug.o)
 .debug_aranges
                0x00000240       0x38 .\CortexM3\ARM_GCC_541\Debug\AY1920_II_HW_05_PROJ_2.3.a(I2C_Master.o)
 .debug_aranges
                0x00000278       0x20 .\CortexM3\ARM_GCC_541\Debug\AY1920_II_HW_05_PROJ_2.3.a(I2C_Master_INT.o)
 .debug_aranges
                0x00000298       0x38 .\CortexM3\ARM_GCC_541\Debug\AY1920_II_HW_05_PROJ_2.3.a(I2C_Master_PM.o)
 .debug_aranges
                0x000002d0       0x80 .\CortexM3\ARM_GCC_541\Debug\AY1920_II_HW_05_PROJ_2.3.a(I2C_Master_MASTER.o)
 .debug_aranges
                0x00000350       0x70 .\CortexM3\ARM_GCC_541\Debug\AY1920_II_HW_05_PROJ_2.3.a(UART_Debug_IntClock.o)
 .debug_aranges
                0x000003c0      0x2a0 .\CortexM3\ARM_GCC_541\Debug\AY1920_II_HW_05_PROJ_2.3.a(CyLib.o)
 .debug_aranges
                0x00000660       0x98 .\CortexM3\ARM_GCC_541\Debug\AY1920_II_HW_05_PROJ_2.3.a(cyPm.o)
 .debug_aranges
                0x000006f8       0x88 .\CortexM3\ARM_GCC_541\Debug\AY1920_II_HW_05_PROJ_2.3.a(Timer.o)
 .debug_aranges
                0x00000780       0x80 .\CortexM3\ARM_GCC_541\Debug\AY1920_II_HW_05_PROJ_2.3.a(ISR_ReadData.o)
 .debug_aranges
                0x00000800       0x20 .\CortexM3\ARM_GCC_541\Debug\AY1920_II_HW_05_PROJ_2.3.a(CyBootAsmGnu.o)
 .debug_aranges
                0x00000820       0x88 .\CortexM3\ARM_GCC_541\Debug\AY1920_II_HW_05_PROJ_2.3.a(CyFlash.o)
 .debug_aranges
                0x000008a8       0x80 .\CortexM3\ARM_GCC_541\Debug\AY1920_II_HW_05_PROJ_2.3.a(CySpc.o)

.debug_pubnames
 *(.debug_pubnames)

.debug_info     0x00000000     0x57f6
 *(.debug_info .gnu.linkonce.wi.*)
 .debug_info    0x00000000      0x443 .\CortexM3\ARM_GCC_541\Debug\main.o
 .debug_info    0x00000443      0x4c6 .\CortexM3\ARM_GCC_541\Debug\I2C_Interface.o
 .debug_info    0x00000909      0x25c .\CortexM3\ARM_GCC_541\Debug\interrupt_routines.o
 .debug_info    0x00000b65      0x583 .\CortexM3\ARM_GCC_541\Debug\cyfitter_cfg.o
 .debug_info    0x000010e8      0x135 .\CortexM3\ARM_GCC_541\Debug\cymetadata.o
 .debug_info    0x0000121d      0x3bb .\CortexM3\ARM_GCC_541\Debug\Cm3Start.o
 .debug_info    0x000015d8      0x60c .\CortexM3\ARM_GCC_541\Debug\AY1920_II_HW_05_PROJ_2.3.a(UART_Debug.o)
 .debug_info    0x00001be4      0x2ad .\CortexM3\ARM_GCC_541\Debug\AY1920_II_HW_05_PROJ_2.3.a(I2C_Master.o)
 .debug_info    0x00001e91      0x184 .\CortexM3\ARM_GCC_541\Debug\AY1920_II_HW_05_PROJ_2.3.a(I2C_Master_INT.o)
 .debug_info    0x00002015      0x207 .\CortexM3\ARM_GCC_541\Debug\AY1920_II_HW_05_PROJ_2.3.a(I2C_Master_PM.o)
 .debug_info    0x0000221c      0x407 .\CortexM3\ARM_GCC_541\Debug\AY1920_II_HW_05_PROJ_2.3.a(I2C_Master_MASTER.o)
 .debug_info    0x00002623      0x283 .\CortexM3\ARM_GCC_541\Debug\AY1920_II_HW_05_PROJ_2.3.a(UART_Debug_IntClock.o)
 .debug_info    0x000028a6     0x1374 .\CortexM3\ARM_GCC_541\Debug\AY1920_II_HW_05_PROJ_2.3.a(CyLib.o)
 .debug_info    0x00003c1a      0xa2a .\CortexM3\ARM_GCC_541\Debug\AY1920_II_HW_05_PROJ_2.3.a(cyPm.o)
 .debug_info    0x00004644      0x291 .\CortexM3\ARM_GCC_541\Debug\AY1920_II_HW_05_PROJ_2.3.a(Timer.o)
 .debug_info    0x000048d5      0x2d2 .\CortexM3\ARM_GCC_541\Debug\AY1920_II_HW_05_PROJ_2.3.a(ISR_ReadData.o)
 .debug_info    0x00004ba7       0xb2 .\CortexM3\ARM_GCC_541\Debug\AY1920_II_HW_05_PROJ_2.3.a(CyBootAsmGnu.o)
 .debug_info    0x00004c59      0x64d .\CortexM3\ARM_GCC_541\Debug\AY1920_II_HW_05_PROJ_2.3.a(CyFlash.o)
 .debug_info    0x000052a6      0x550 .\CortexM3\ARM_GCC_541\Debug\AY1920_II_HW_05_PROJ_2.3.a(CySpc.o)

.debug_abbrev   0x00000000     0x1821
 *(.debug_abbrev)
 .debug_abbrev  0x00000000      0x121 .\CortexM3\ARM_GCC_541\Debug\main.o
 .debug_abbrev  0x00000121       0xf5 .\CortexM3\ARM_GCC_541\Debug\I2C_Interface.o
 .debug_abbrev  0x00000216      0x12d .\CortexM3\ARM_GCC_541\Debug\interrupt_routines.o
 .debug_abbrev  0x00000343      0x20d .\CortexM3\ARM_GCC_541\Debug\cyfitter_cfg.o
 .debug_abbrev  0x00000550       0x66 .\CortexM3\ARM_GCC_541\Debug\cymetadata.o
 .debug_abbrev  0x000005b6      0x1e8 .\CortexM3\ARM_GCC_541\Debug\Cm3Start.o
 .debug_abbrev  0x0000079e      0x175 .\CortexM3\ARM_GCC_541\Debug\AY1920_II_HW_05_PROJ_2.3.a(UART_Debug.o)
 .debug_abbrev  0x00000913      0x10a .\CortexM3\ARM_GCC_541\Debug\AY1920_II_HW_05_PROJ_2.3.a(I2C_Master.o)
 .debug_abbrev  0x00000a1d       0xb6 .\CortexM3\ARM_GCC_541\Debug\AY1920_II_HW_05_PROJ_2.3.a(I2C_Master_INT.o)
 .debug_abbrev  0x00000ad3       0xfe .\CortexM3\ARM_GCC_541\Debug\AY1920_II_HW_05_PROJ_2.3.a(I2C_Master_PM.o)
 .debug_abbrev  0x00000bd1      0x13c .\CortexM3\ARM_GCC_541\Debug\AY1920_II_HW_05_PROJ_2.3.a(I2C_Master_MASTER.o)
 .debug_abbrev  0x00000d0d      0x139 .\CortexM3\ARM_GCC_541\Debug\AY1920_II_HW_05_PROJ_2.3.a(UART_Debug_IntClock.o)
 .debug_abbrev  0x00000e46      0x254 .\CortexM3\ARM_GCC_541\Debug\AY1920_II_HW_05_PROJ_2.3.a(CyLib.o)
 .debug_abbrev  0x0000109a      0x1ab .\CortexM3\ARM_GCC_541\Debug\AY1920_II_HW_05_PROJ_2.3.a(cyPm.o)
 .debug_abbrev  0x00001245      0x11a .\CortexM3\ARM_GCC_541\Debug\AY1920_II_HW_05_PROJ_2.3.a(Timer.o)
 .debug_abbrev  0x0000135f      0x173 .\CortexM3\ARM_GCC_541\Debug\AY1920_II_HW_05_PROJ_2.3.a(ISR_ReadData.o)
 .debug_abbrev  0x000014d2       0x14 .\CortexM3\ARM_GCC_541\Debug\AY1920_II_HW_05_PROJ_2.3.a(CyBootAsmGnu.o)
 .debug_abbrev  0x000014e6      0x1a7 .\CortexM3\ARM_GCC_541\Debug\AY1920_II_HW_05_PROJ_2.3.a(CyFlash.o)
 .debug_abbrev  0x0000168d      0x194 .\CortexM3\ARM_GCC_541\Debug\AY1920_II_HW_05_PROJ_2.3.a(CySpc.o)

.debug_line     0x00000000     0x2809
 *(.debug_line)
 .debug_line    0x00000000      0x27a .\CortexM3\ARM_GCC_541\Debug\main.o
 .debug_line    0x0000027a      0x209 .\CortexM3\ARM_GCC_541\Debug\I2C_Interface.o
 .debug_line    0x00000483      0x206 .\CortexM3\ARM_GCC_541\Debug\interrupt_routines.o
 .debug_line    0x00000689      0x1f4 .\CortexM3\ARM_GCC_541\Debug\cyfitter_cfg.o
 .debug_line    0x0000087d      0x141 .\CortexM3\ARM_GCC_541\Debug\cymetadata.o
 .debug_line    0x000009be      0x234 .\CortexM3\ARM_GCC_541\Debug\Cm3Start.o
 .debug_line    0x00000bf2      0x2c8 .\CortexM3\ARM_GCC_541\Debug\AY1920_II_HW_05_PROJ_2.3.a(UART_Debug.o)
 .debug_line    0x00000eba       0xee .\CortexM3\ARM_GCC_541\Debug\AY1920_II_HW_05_PROJ_2.3.a(I2C_Master.o)
 .debug_line    0x00000fa8      0x122 .\CortexM3\ARM_GCC_541\Debug\AY1920_II_HW_05_PROJ_2.3.a(I2C_Master_INT.o)
 .debug_line    0x000010ca       0xc9 .\CortexM3\ARM_GCC_541\Debug\AY1920_II_HW_05_PROJ_2.3.a(I2C_Master_PM.o)
 .debug_line    0x00001193      0x20b .\CortexM3\ARM_GCC_541\Debug\AY1920_II_HW_05_PROJ_2.3.a(I2C_Master_MASTER.o)
 .debug_line    0x0000139e      0x182 .\CortexM3\ARM_GCC_541\Debug\AY1920_II_HW_05_PROJ_2.3.a(UART_Debug_IntClock.o)
 .debug_line    0x00001520      0x816 .\CortexM3\ARM_GCC_541\Debug\AY1920_II_HW_05_PROJ_2.3.a(CyLib.o)
 .debug_line    0x00001d36      0x367 .\CortexM3\ARM_GCC_541\Debug\AY1920_II_HW_05_PROJ_2.3.a(cyPm.o)
 .debug_line    0x0000209d      0x153 .\CortexM3\ARM_GCC_541\Debug\AY1920_II_HW_05_PROJ_2.3.a(Timer.o)
 .debug_line    0x000021f0      0x139 .\CortexM3\ARM_GCC_541\Debug\AY1920_II_HW_05_PROJ_2.3.a(ISR_ReadData.o)
 .debug_line    0x00002329       0x66 .\CortexM3\ARM_GCC_541\Debug\AY1920_II_HW_05_PROJ_2.3.a(CyBootAsmGnu.o)
 .debug_line    0x0000238f      0x21a .\CortexM3\ARM_GCC_541\Debug\AY1920_II_HW_05_PROJ_2.3.a(CyFlash.o)
 .debug_line    0x000025a9      0x260 .\CortexM3\ARM_GCC_541\Debug\AY1920_II_HW_05_PROJ_2.3.a(CySpc.o)

.debug_frame    0x00000000     0x1ae8
 *(.debug_frame)
 .debug_frame   0x00000000       0x30 .\CortexM3\ARM_GCC_541\Debug\main.o
 .debug_frame   0x00000030       0xfc .\CortexM3\ARM_GCC_541\Debug\I2C_Interface.o
 .debug_frame   0x0000012c       0x4c .\CortexM3\ARM_GCC_541\Debug\interrupt_routines.o
 .debug_frame   0x00000178       0xe4 .\CortexM3\ARM_GCC_541\Debug\cyfitter_cfg.o
 .debug_frame   0x0000025c       0xb8 .\CortexM3\ARM_GCC_541\Debug\Cm3Start.o
 .debug_frame   0x00000314      0x250 .\CortexM3\ARM_GCC_541\Debug\AY1920_II_HW_05_PROJ_2.3.a(UART_Debug.o)
 .debug_frame   0x00000564       0x94 .\CortexM3\ARM_GCC_541\Debug\AY1920_II_HW_05_PROJ_2.3.a(I2C_Master.o)
 .debug_frame   0x000005f8       0x30 .\CortexM3\ARM_GCC_541\Debug\AY1920_II_HW_05_PROJ_2.3.a(I2C_Master_INT.o)
 .debug_frame   0x00000628       0x74 .\CortexM3\ARM_GCC_541\Debug\AY1920_II_HW_05_PROJ_2.3.a(I2C_Master_PM.o)
 .debug_frame   0x0000069c      0x138 .\CortexM3\ARM_GCC_541\Debug\AY1920_II_HW_05_PROJ_2.3.a(I2C_Master_MASTER.o)
 .debug_frame   0x000007d4       0xe0 .\CortexM3\ARM_GCC_541\Debug\AY1920_II_HW_05_PROJ_2.3.a(UART_Debug_IntClock.o)
 .debug_frame   0x000008b4      0x738 .\CortexM3\ARM_GCC_541\Debug\AY1920_II_HW_05_PROJ_2.3.a(CyLib.o)
 .debug_frame   0x00000fec      0x1f8 .\CortexM3\ARM_GCC_541\Debug\AY1920_II_HW_05_PROJ_2.3.a(cyPm.o)
 .debug_frame   0x000011e4      0x108 .\CortexM3\ARM_GCC_541\Debug\AY1920_II_HW_05_PROJ_2.3.a(Timer.o)
 .debug_frame   0x000012ec      0x104 .\CortexM3\ARM_GCC_541\Debug\AY1920_II_HW_05_PROJ_2.3.a(ISR_ReadData.o)
 .debug_frame   0x000013f0      0x194 .\CortexM3\ARM_GCC_541\Debug\AY1920_II_HW_05_PROJ_2.3.a(CyFlash.o)
 .debug_frame   0x00001584      0x180 .\CortexM3\ARM_GCC_541\Debug\AY1920_II_HW_05_PROJ_2.3.a(CySpc.o)
 .debug_frame   0x00001704       0x20 c:/program files (x86)/cypress/psoc creator/4.3/psoc creator/import/gnu/arm/5.4.1/bin/../lib/gcc/arm-none-eabi/5.4.1/../../../../arm-none-eabi/lib/armv7-m\libg_nano.a(lib_a-errno.o)
 .debug_frame   0x00001724       0x28 c:/program files (x86)/cypress/psoc creator/4.3/psoc creator/import/gnu/arm/5.4.1/bin/../lib/gcc/arm-none-eabi/5.4.1/../../../../arm-none-eabi/lib/armv7-m\libg_nano.a(lib_a-exit.o)
 .debug_frame   0x0000174c       0x2c c:/program files (x86)/cypress/psoc creator/4.3/psoc creator/import/gnu/arm/5.4.1/bin/../lib/gcc/arm-none-eabi/5.4.1/../../../../arm-none-eabi/lib/armv7-m\libg_nano.a(lib_a-init.o)
 .debug_frame   0x00001778       0x28 c:/program files (x86)/cypress/psoc creator/4.3/psoc creator/import/gnu/arm/5.4.1/bin/../lib/gcc/arm-none-eabi/5.4.1/../../../../arm-none-eabi/lib/armv7-m\libg_nano.a(lib_a-memcpy-stub.o)
 .debug_frame   0x000017a0       0x20 c:/program files (x86)/cypress/psoc creator/4.3/psoc creator/import/gnu/arm/5.4.1/bin/../lib/gcc/arm-none-eabi/5.4.1/../../../../arm-none-eabi/lib/armv7-m\libg_nano.a(lib_a-memset.o)
 .debug_frame   0x000017c0       0x70 c:/program files (x86)/cypress/psoc creator/4.3/psoc creator/import/gnu/arm/5.4.1/bin/../lib/gcc/arm-none-eabi/5.4.1/../../../../arm-none-eabi/lib/armv7-m\libg_nano.a(lib_a-sprintf.o)
 .debug_frame   0x00001830       0x90 c:/program files (x86)/cypress/psoc creator/4.3/psoc creator/import/gnu/arm/5.4.1/bin/../lib/gcc/arm-none-eabi/5.4.1/../../../../arm-none-eabi/lib/armv7-m\libg_nano.a(lib_a-nano-svfprintf.o)
 .debug_frame   0x000018c0       0x60 c:/program files (x86)/cypress/psoc creator/4.3/psoc creator/import/gnu/arm/5.4.1/bin/../lib/gcc/arm-none-eabi/5.4.1/../../../../arm-none-eabi/lib/armv7-m\libg_nano.a(lib_a-nano-vfprintf_i.o)
 .debug_frame   0x00001920       0x28 c:/program files (x86)/cypress/psoc creator/4.3/psoc creator/import/gnu/arm/5.4.1/bin/../lib/gcc/arm-none-eabi/5.4.1/../../../../arm-none-eabi/lib/armv7-m\libg_nano.a(lib_a-memchr-stub.o)
 .debug_frame   0x00001948       0x28 c:/program files (x86)/cypress/psoc creator/4.3/psoc creator/import/gnu/arm/5.4.1/bin/../lib/gcc/arm-none-eabi/5.4.1/../../../../arm-none-eabi/lib/armv7-m\libg_nano.a(lib_a-memmove.o)
 .debug_frame   0x00001970       0x38 c:/program files (x86)/cypress/psoc creator/4.3/psoc creator/import/gnu/arm/5.4.1/bin/../lib/gcc/arm-none-eabi/5.4.1/../../../../arm-none-eabi/lib/armv7-m\libg_nano.a(lib_a-nano-freer.o)
 .debug_frame   0x000019a8       0x2c c:/program files (x86)/cypress/psoc creator/4.3/psoc creator/import/gnu/arm/5.4.1/bin/../lib/gcc/arm-none-eabi/5.4.1/../../../../arm-none-eabi/lib/armv7-m\libg_nano.a(lib_a-nano-mallocr.o)
 .debug_frame   0x000019d4       0x3c c:/program files (x86)/cypress/psoc creator/4.3/psoc creator/import/gnu/arm/5.4.1/bin/../lib/gcc/arm-none-eabi/5.4.1/../../../../arm-none-eabi/lib/armv7-m\libg_nano.a(lib_a-nano-reallocr.o)
 .debug_frame   0x00001a10       0x2c c:/program files (x86)/cypress/psoc creator/4.3/psoc creator/import/gnu/arm/5.4.1/bin/../lib/gcc/arm-none-eabi/5.4.1/../../../../arm-none-eabi/lib/armv7-m\libg_nano.a(lib_a-sbrkr.o)
 .debug_frame   0x00001a3c       0x30 c:/program files (x86)/cypress/psoc creator/4.3/psoc creator/import/gnu/arm/5.4.1/bin/../lib/gcc/arm-none-eabi/5.4.1/../../../../arm-none-eabi/lib/armv7-m\libg_nano.a(lib_a-mlock.o)
 .debug_frame   0x00001a6c       0x20 c:/program files (x86)/cypress/psoc creator/4.3/psoc creator/import/gnu/arm/5.4.1/bin/../lib/gcc/arm-none-eabi/5.4.1/../../../../arm-none-eabi/lib/armv7-m\libg_nano.a(lib_a-nano-msizer.o)
 .debug_frame   0x00001a8c       0x5c c:/program files (x86)/cypress/psoc creator/4.3/psoc creator/import/gnu/arm/5.4.1/bin/../lib/gcc/arm-none-eabi/5.4.1/../../../../arm-none-eabi/lib/armv7-m\libg_nano.a(lib_a-reent.o)

.debug_str      0x00000000     0x20d9
 *(.debug_str)
 .debug_str     0x00000000      0x2a6 .\CortexM3\ARM_GCC_541\Debug\main.o
                                0x2fc (size before relaxing)
 .debug_str     0x000002a6      0x146 .\CortexM3\ARM_GCC_541\Debug\I2C_Interface.o
                                0x388 (size before relaxing)
 .debug_str     0x000003ec       0x9b .\CortexM3\ARM_GCC_541\Debug\interrupt_routines.o
                                0x2e9 (size before relaxing)
 .debug_str     0x00000487      0x1b0 .\CortexM3\ARM_GCC_541\Debug\cyfitter_cfg.o
                                0x366 (size before relaxing)
 .debug_str     0x00000637       0x75 .\CortexM3\ARM_GCC_541\Debug\cymetadata.o
                                0x206 (size before relaxing)
 .debug_str     0x000006ac      0x144 .\CortexM3\ARM_GCC_541\Debug\Cm3Start.o
                                0x32c (size before relaxing)
 .debug_str     0x000007f0      0x354 .\CortexM3\ARM_GCC_541\Debug\AY1920_II_HW_05_PROJ_2.3.a(UART_Debug.o)
                                0x551 (size before relaxing)
 .debug_str     0x00000b44      0x13f .\CortexM3\ARM_GCC_541\Debug\AY1920_II_HW_05_PROJ_2.3.a(I2C_Master.o)
                                0x357 (size before relaxing)
 .debug_str     0x00000c83       0xb7 .\CortexM3\ARM_GCC_541\Debug\AY1920_II_HW_05_PROJ_2.3.a(I2C_Master_INT.o)
                                0x2ce (size before relaxing)
 .debug_str     0x00000d3a       0x79 .\CortexM3\ARM_GCC_541\Debug\AY1920_II_HW_05_PROJ_2.3.a(I2C_Master_PM.o)
                                0x2de (size before relaxing)
 .debug_str     0x00000db3      0x150 .\CortexM3\ARM_GCC_541\Debug\AY1920_II_HW_05_PROJ_2.3.a(I2C_Master_MASTER.o)
                                0x467 (size before relaxing)
 .debug_str     0x00000f03      0x1bf .\CortexM3\ARM_GCC_541\Debug\AY1920_II_HW_05_PROJ_2.3.a(UART_Debug_IntClock.o)
                                0x3a0 (size before relaxing)
 .debug_str     0x000010c2      0x7eb .\CortexM3\ARM_GCC_541\Debug\AY1920_II_HW_05_PROJ_2.3.a(CyLib.o)
                                0xa69 (size before relaxing)
 .debug_str     0x000018ad      0x365 .\CortexM3\ARM_GCC_541\Debug\AY1920_II_HW_05_PROJ_2.3.a(cyPm.o)
                                0x755 (size before relaxing)
 .debug_str     0x00001c12      0x12d .\CortexM3\ARM_GCC_541\Debug\AY1920_II_HW_05_PROJ_2.3.a(Timer.o)
                                0x317 (size before relaxing)
 .debug_str     0x00001d3f      0x133 .\CortexM3\ARM_GCC_541\Debug\AY1920_II_HW_05_PROJ_2.3.a(ISR_ReadData.o)
                                0x32a (size before relaxing)
 .debug_str     0x00001e72      0x1bb .\CortexM3\ARM_GCC_541\Debug\AY1920_II_HW_05_PROJ_2.3.a(CyFlash.o)
                                0x3e2 (size before relaxing)
 .debug_str     0x0000202d       0xac .\CortexM3\ARM_GCC_541\Debug\AY1920_II_HW_05_PROJ_2.3.a(CySpc.o)
                                0x35a (size before relaxing)

.debug_loc      0x00000000     0x2835
 *(.debug_loc)
 .debug_loc     0x00000000       0x8a .\CortexM3\ARM_GCC_541\Debug\main.o
 .debug_loc     0x0000008a      0x328 .\CortexM3\ARM_GCC_541\Debug\I2C_Interface.o
 .debug_loc     0x000003b2       0x8c .\CortexM3\ARM_GCC_541\Debug\interrupt_routines.o
 .debug_loc     0x0000043e      0x289 .\CortexM3\ARM_GCC_541\Debug\cyfitter_cfg.o
 .debug_loc     0x000006c7      0x144 .\CortexM3\ARM_GCC_541\Debug\Cm3Start.o
 .debug_loc     0x0000080b      0x258 .\CortexM3\ARM_GCC_541\Debug\AY1920_II_HW_05_PROJ_2.3.a(UART_Debug.o)
 .debug_loc     0x00000a63       0x39 .\CortexM3\ARM_GCC_541\Debug\AY1920_II_HW_05_PROJ_2.3.a(I2C_Master.o)
 .debug_loc     0x00000a9c       0x29 .\CortexM3\ARM_GCC_541\Debug\AY1920_II_HW_05_PROJ_2.3.a(I2C_Master_INT.o)
 .debug_loc     0x00000ac5       0x13 .\CortexM3\ARM_GCC_541\Debug\AY1920_II_HW_05_PROJ_2.3.a(I2C_Master_PM.o)
 .debug_loc     0x00000ad8      0x52f .\CortexM3\ARM_GCC_541\Debug\AY1920_II_HW_05_PROJ_2.3.a(I2C_Master_MASTER.o)
 .debug_loc     0x00001007      0x12c .\CortexM3\ARM_GCC_541\Debug\AY1920_II_HW_05_PROJ_2.3.a(UART_Debug_IntClock.o)
 .debug_loc     0x00001133      0xa11 .\CortexM3\ARM_GCC_541\Debug\AY1920_II_HW_05_PROJ_2.3.a(CyLib.o)
 .debug_loc     0x00001b44      0x1e4 .\CortexM3\ARM_GCC_541\Debug\AY1920_II_HW_05_PROJ_2.3.a(cyPm.o)
 .debug_loc     0x00001d28       0x56 .\CortexM3\ARM_GCC_541\Debug\AY1920_II_HW_05_PROJ_2.3.a(ISR_ReadData.o)
 .debug_loc     0x00001d7e      0x3b2 .\CortexM3\ARM_GCC_541\Debug\AY1920_II_HW_05_PROJ_2.3.a(CyFlash.o)
 .debug_loc     0x00002130      0x705 .\CortexM3\ARM_GCC_541\Debug\AY1920_II_HW_05_PROJ_2.3.a(CySpc.o)

.debug_macinfo
 *(.debug_macinfo)

.debug_ranges   0x00000000      0x7f8
 *(.debug_ranges)
 .debug_ranges  0x00000000       0x10 .\CortexM3\ARM_GCC_541\Debug\main.o
 .debug_ranges  0x00000010       0x58 .\CortexM3\ARM_GCC_541\Debug\I2C_Interface.o
 .debug_ranges  0x00000068       0x18 .\CortexM3\ARM_GCC_541\Debug\interrupt_routines.o
 .debug_ranges  0x00000080       0x48 .\CortexM3\ARM_GCC_541\Debug\cyfitter_cfg.o
 .debug_ranges  0x000000c8       0x38 .\CortexM3\ARM_GCC_541\Debug\Cm3Start.o
 .debug_ranges  0x00000100       0xe0 .\CortexM3\ARM_GCC_541\Debug\AY1920_II_HW_05_PROJ_2.3.a(UART_Debug.o)
 .debug_ranges  0x000001e0       0x28 .\CortexM3\ARM_GCC_541\Debug\AY1920_II_HW_05_PROJ_2.3.a(I2C_Master.o)
 .debug_ranges  0x00000208       0x10 .\CortexM3\ARM_GCC_541\Debug\AY1920_II_HW_05_PROJ_2.3.a(I2C_Master_INT.o)
 .debug_ranges  0x00000218       0x28 .\CortexM3\ARM_GCC_541\Debug\AY1920_II_HW_05_PROJ_2.3.a(I2C_Master_PM.o)
 .debug_ranges  0x00000240       0x70 .\CortexM3\ARM_GCC_541\Debug\AY1920_II_HW_05_PROJ_2.3.a(I2C_Master_MASTER.o)
 .debug_ranges  0x000002b0       0x60 .\CortexM3\ARM_GCC_541\Debug\AY1920_II_HW_05_PROJ_2.3.a(UART_Debug_IntClock.o)
 .debug_ranges  0x00000310      0x290 .\CortexM3\ARM_GCC_541\Debug\AY1920_II_HW_05_PROJ_2.3.a(CyLib.o)
 .debug_ranges  0x000005a0       0x88 .\CortexM3\ARM_GCC_541\Debug\AY1920_II_HW_05_PROJ_2.3.a(cyPm.o)
 .debug_ranges  0x00000628       0x78 .\CortexM3\ARM_GCC_541\Debug\AY1920_II_HW_05_PROJ_2.3.a(Timer.o)
 .debug_ranges  0x000006a0       0x70 .\CortexM3\ARM_GCC_541\Debug\AY1920_II_HW_05_PROJ_2.3.a(ISR_ReadData.o)
 .debug_ranges  0x00000710       0x78 .\CortexM3\ARM_GCC_541\Debug\AY1920_II_HW_05_PROJ_2.3.a(CyFlash.o)
 .debug_ranges  0x00000788       0x70 .\CortexM3\ARM_GCC_541\Debug\AY1920_II_HW_05_PROJ_2.3.a(CySpc.o)

.comment        0x00000000       0x6e
 .comment       0x00000000       0x6e .\CortexM3\ARM_GCC_541\Debug\main.o
                                 0x6f (size before relaxing)
 .comment       0x0000006e       0x6f .\CortexM3\ARM_GCC_541\Debug\I2C_Interface.o
 .comment       0x0000006e       0x6f .\CortexM3\ARM_GCC_541\Debug\interrupt_routines.o
 .comment       0x0000006e       0x6f .\CortexM3\ARM_GCC_541\Debug\cyfitter_cfg.o
 .comment       0x0000006e       0x6f .\CortexM3\ARM_GCC_541\Debug\cymetadata.o
 .comment       0x0000006e       0x6f .\CortexM3\ARM_GCC_541\Debug\Cm3Start.o
 .comment       0x0000006e       0x6f .\CortexM3\ARM_GCC_541\Debug\AY1920_II_HW_05_PROJ_2.3.a(UART_Debug.o)
 .comment       0x0000006e       0x6f .\CortexM3\ARM_GCC_541\Debug\AY1920_II_HW_05_PROJ_2.3.a(I2C_Master.o)
 .comment       0x0000006e       0x6f .\CortexM3\ARM_GCC_541\Debug\AY1920_II_HW_05_PROJ_2.3.a(I2C_Master_INT.o)
 .comment       0x0000006e       0x6f .\CortexM3\ARM_GCC_541\Debug\AY1920_II_HW_05_PROJ_2.3.a(I2C_Master_PM.o)
 .comment       0x0000006e       0x6f .\CortexM3\ARM_GCC_541\Debug\AY1920_II_HW_05_PROJ_2.3.a(I2C_Master_MASTER.o)
 .comment       0x0000006e       0x6f .\CortexM3\ARM_GCC_541\Debug\AY1920_II_HW_05_PROJ_2.3.a(UART_Debug_IntClock.o)
 .comment       0x0000006e       0x6f .\CortexM3\ARM_GCC_541\Debug\AY1920_II_HW_05_PROJ_2.3.a(CyLib.o)
 .comment       0x0000006e       0x6f .\CortexM3\ARM_GCC_541\Debug\AY1920_II_HW_05_PROJ_2.3.a(cyPm.o)
 .comment       0x0000006e       0x6f .\CortexM3\ARM_GCC_541\Debug\AY1920_II_HW_05_PROJ_2.3.a(Timer.o)
 .comment       0x0000006e       0x6f .\CortexM3\ARM_GCC_541\Debug\AY1920_II_HW_05_PROJ_2.3.a(ISR_ReadData.o)
 .comment       0x0000006e       0x6f .\CortexM3\ARM_GCC_541\Debug\AY1920_II_HW_05_PROJ_2.3.a(CyFlash.o)
 .comment       0x0000006e       0x6f .\CortexM3\ARM_GCC_541\Debug\AY1920_II_HW_05_PROJ_2.3.a(CySpc.o)

.debug_weaknames
 *(.debug_weaknames)

.debug_funcnames
 *(.debug_funcnames)

.debug_typenames
 *(.debug_typenames)

.debug_varnames
 *(.debug_varnames)

.note.gnu.arm.ident
 *(.note.gnu.arm.ident)

.ARM.attributes
                0x00000000       0x29
 *(.ARM.attributes)
 .ARM.attributes
                0x00000000       0x1d c:/program files (x86)/cypress/psoc creator/4.3/psoc creator/import/gnu/arm/5.4.1/bin/../lib/gcc/arm-none-eabi/5.4.1/armv7-m/crti.o
 .ARM.attributes
                0x0000001d       0x2d c:/program files (x86)/cypress/psoc creator/4.3/psoc creator/import/gnu/arm/5.4.1/bin/../lib/gcc/arm-none-eabi/5.4.1/armv7-m/crtbegin.o
 .ARM.attributes
                0x0000004a       0x1b c:/program files (x86)/cypress/psoc creator/4.3/psoc creator/import/gnu/arm/5.4.1/bin/../lib/gcc/arm-none-eabi/5.4.1/../../../../arm-none-eabi/lib/armv7-m/crt0.o
 .ARM.attributes
                0x00000065       0x33 .\CortexM3\ARM_GCC_541\Debug\main.o
 .ARM.attributes
                0x00000098       0x33 .\CortexM3\ARM_GCC_541\Debug\I2C_Interface.o
 .ARM.attributes
                0x000000cb       0x33 .\CortexM3\ARM_GCC_541\Debug\interrupt_routines.o
 .ARM.attributes
                0x000000fe       0x33 .\CortexM3\ARM_GCC_541\Debug\cyfitter_cfg.o
 .ARM.attributes
                0x00000131       0x33 .\CortexM3\ARM_GCC_541\Debug\cymetadata.o
 .ARM.attributes
                0x00000164       0x33 .\CortexM3\ARM_GCC_541\Debug\Cm3Start.o
 .ARM.attributes
                0x00000197       0x33 .\CortexM3\ARM_GCC_541\Debug\AY1920_II_HW_05_PROJ_2.3.a(UART_Debug.o)
 .ARM.attributes
                0x000001ca       0x33 .\CortexM3\ARM_GCC_541\Debug\AY1920_II_HW_05_PROJ_2.3.a(I2C_Master.o)
 .ARM.attributes
                0x000001fd       0x33 .\CortexM3\ARM_GCC_541\Debug\AY1920_II_HW_05_PROJ_2.3.a(I2C_Master_INT.o)
 .ARM.attributes
                0x00000230       0x33 .\CortexM3\ARM_GCC_541\Debug\AY1920_II_HW_05_PROJ_2.3.a(I2C_Master_PM.o)
 .ARM.attributes
                0x00000263       0x33 .\CortexM3\ARM_GCC_541\Debug\AY1920_II_HW_05_PROJ_2.3.a(I2C_Master_MASTER.o)
 .ARM.attributes
                0x00000296       0x33 .\CortexM3\ARM_GCC_541\Debug\AY1920_II_HW_05_PROJ_2.3.a(UART_Debug_IntClock.o)
 .ARM.attributes
                0x000002c9       0x33 .\CortexM3\ARM_GCC_541\Debug\AY1920_II_HW_05_PROJ_2.3.a(CyLib.o)
 .ARM.attributes
                0x000002fc       0x33 .\CortexM3\ARM_GCC_541\Debug\AY1920_II_HW_05_PROJ_2.3.a(cyPm.o)
 .ARM.attributes
                0x0000032f       0x33 .\CortexM3\ARM_GCC_541\Debug\AY1920_II_HW_05_PROJ_2.3.a(Timer.o)
 .ARM.attributes
                0x00000362       0x33 .\CortexM3\ARM_GCC_541\Debug\AY1920_II_HW_05_PROJ_2.3.a(ISR_ReadData.o)
 .ARM.attributes
                0x00000395       0x21 .\CortexM3\ARM_GCC_541\Debug\AY1920_II_HW_05_PROJ_2.3.a(CyBootAsmGnu.o)
 .ARM.attributes
                0x000003b6       0x33 .\CortexM3\ARM_GCC_541\Debug\AY1920_II_HW_05_PROJ_2.3.a(CyFlash.o)
 .ARM.attributes
                0x000003e9       0x33 .\CortexM3\ARM_GCC_541\Debug\AY1920_II_HW_05_PROJ_2.3.a(CySpc.o)
 .ARM.attributes
                0x0000041c       0x1d c:/program files (x86)/cypress/psoc creator/4.3/psoc creator/import/gnu/arm/5.4.1/bin/../lib/gcc/arm-none-eabi/5.4.1/armv7-m\libgcc.a(_arm_addsubdf3.o)
 .ARM.attributes
                0x00000439       0x1d c:/program files (x86)/cypress/psoc creator/4.3/psoc creator/import/gnu/arm/5.4.1/bin/../lib/gcc/arm-none-eabi/5.4.1/armv7-m\libgcc.a(_arm_muldivdf3.o)
 .ARM.attributes
                0x00000456       0x1d c:/program files (x86)/cypress/psoc creator/4.3/psoc creator/import/gnu/arm/5.4.1/bin/../lib/gcc/arm-none-eabi/5.4.1/armv7-m\libgcc.a(_arm_truncdfsf2.o)
 .ARM.attributes
                0x00000473       0x1d c:/program files (x86)/cypress/psoc creator/4.3/psoc creator/import/gnu/arm/5.4.1/bin/../lib/gcc/arm-none-eabi/5.4.1/armv7-m\libgcc.a(_arm_muldivsf3.o)
 .ARM.attributes
                0x00000490       0x1d c:/program files (x86)/cypress/psoc creator/4.3/psoc creator/import/gnu/arm/5.4.1/bin/../lib/gcc/arm-none-eabi/5.4.1/armv7-m\libgcc.a(_arm_fixsfsi.o)
 .ARM.attributes
                0x000004ad       0x2d c:/program files (x86)/cypress/psoc creator/4.3/psoc creator/import/gnu/arm/5.4.1/bin/../lib/gcc/arm-none-eabi/5.4.1/../../../../arm-none-eabi/lib/armv7-m\libg_nano.a(lib_a-errno.o)
 .ARM.attributes
                0x000004da       0x2d c:/program files (x86)/cypress/psoc creator/4.3/psoc creator/import/gnu/arm/5.4.1/bin/../lib/gcc/arm-none-eabi/5.4.1/../../../../arm-none-eabi/lib/armv7-m\libg_nano.a(lib_a-exit.o)
 .ARM.attributes
                0x00000507       0x2d c:/program files (x86)/cypress/psoc creator/4.3/psoc creator/import/gnu/arm/5.4.1/bin/../lib/gcc/arm-none-eabi/5.4.1/../../../../arm-none-eabi/lib/armv7-m\libg_nano.a(lib_a-impure.o)
 .ARM.attributes
                0x00000534       0x2d c:/program files (x86)/cypress/psoc creator/4.3/psoc creator/import/gnu/arm/5.4.1/bin/../lib/gcc/arm-none-eabi/5.4.1/../../../../arm-none-eabi/lib/armv7-m\libg_nano.a(lib_a-init.o)
 .ARM.attributes
                0x00000561       0x2d c:/program files (x86)/cypress/psoc creator/4.3/psoc creator/import/gnu/arm/5.4.1/bin/../lib/gcc/arm-none-eabi/5.4.1/../../../../arm-none-eabi/lib/armv7-m\libg_nano.a(lib_a-memcpy-stub.o)
 .ARM.attributes
                0x0000058e       0x2d c:/program files (x86)/cypress/psoc creator/4.3/psoc creator/import/gnu/arm/5.4.1/bin/../lib/gcc/arm-none-eabi/5.4.1/../../../../arm-none-eabi/lib/armv7-m\libg_nano.a(lib_a-memset.o)
 .ARM.attributes
                0x000005bb       0x2d c:/program files (x86)/cypress/psoc creator/4.3/psoc creator/import/gnu/arm/5.4.1/bin/../lib/gcc/arm-none-eabi/5.4.1/../../../../arm-none-eabi/lib/armv7-m\libg_nano.a(lib_a-sprintf.o)
 .ARM.attributes
                0x000005e8       0x2d c:/program files (x86)/cypress/psoc creator/4.3/psoc creator/import/gnu/arm/5.4.1/bin/../lib/gcc/arm-none-eabi/5.4.1/../../../../arm-none-eabi/lib/armv7-m\libg_nano.a(lib_a-nano-svfprintf.o)
 .ARM.attributes
                0x00000615       0x2d c:/program files (x86)/cypress/psoc creator/4.3/psoc creator/import/gnu/arm/5.4.1/bin/../lib/gcc/arm-none-eabi/5.4.1/../../../../arm-none-eabi/lib/armv7-m\libg_nano.a(lib_a-nano-vfprintf_i.o)
 .ARM.attributes
                0x00000642       0x2d c:/program files (x86)/cypress/psoc creator/4.3/psoc creator/import/gnu/arm/5.4.1/bin/../lib/gcc/arm-none-eabi/5.4.1/../../../../arm-none-eabi/lib/armv7-m\libg_nano.a(lib_a-memchr-stub.o)
 .ARM.attributes
                0x0000066f       0x2d c:/program files (x86)/cypress/psoc creator/4.3/psoc creator/import/gnu/arm/5.4.1/bin/../lib/gcc/arm-none-eabi/5.4.1/../../../../arm-none-eabi/lib/armv7-m\libg_nano.a(lib_a-memmove.o)
 .ARM.attributes
                0x0000069c       0x2d c:/program files (x86)/cypress/psoc creator/4.3/psoc creator/import/gnu/arm/5.4.1/bin/../lib/gcc/arm-none-eabi/5.4.1/../../../../arm-none-eabi/lib/armv7-m\libg_nano.a(lib_a-nano-freer.o)
 .ARM.attributes
                0x000006c9       0x2d c:/program files (x86)/cypress/psoc creator/4.3/psoc creator/import/gnu/arm/5.4.1/bin/../lib/gcc/arm-none-eabi/5.4.1/../../../../arm-none-eabi/lib/armv7-m\libg_nano.a(lib_a-nano-mallocr.o)
 .ARM.attributes
                0x000006f6       0x2d c:/program files (x86)/cypress/psoc creator/4.3/psoc creator/import/gnu/arm/5.4.1/bin/../lib/gcc/arm-none-eabi/5.4.1/../../../../arm-none-eabi/lib/armv7-m\libg_nano.a(lib_a-nano-reallocr.o)
 .ARM.attributes
                0x00000723       0x2d c:/program files (x86)/cypress/psoc creator/4.3/psoc creator/import/gnu/arm/5.4.1/bin/../lib/gcc/arm-none-eabi/5.4.1/../../../../arm-none-eabi/lib/armv7-m\libg_nano.a(lib_a-sbrkr.o)
 .ARM.attributes
                0x00000750       0x2d c:/program files (x86)/cypress/psoc creator/4.3/psoc creator/import/gnu/arm/5.4.1/bin/../lib/gcc/arm-none-eabi/5.4.1/../../../../arm-none-eabi/lib/armv7-m\libg_nano.a(lib_a-mlock.o)
 .ARM.attributes
                0x0000077d       0x2d c:/program files (x86)/cypress/psoc creator/4.3/psoc creator/import/gnu/arm/5.4.1/bin/../lib/gcc/arm-none-eabi/5.4.1/../../../../arm-none-eabi/lib/armv7-m\libg_nano.a(lib_a-nano-msizer.o)
 .ARM.attributes
                0x000007aa       0x2d c:/program files (x86)/cypress/psoc creator/4.3/psoc creator/import/gnu/arm/5.4.1/bin/../lib/gcc/arm-none-eabi/5.4.1/../../../../arm-none-eabi/lib/armv7-m\libg_nano.a(lib_a-reent.o)
 .ARM.attributes
                0x000007d7       0x2d c:/program files (x86)/cypress/psoc creator/4.3/psoc creator/import/gnu/arm/5.4.1/bin/../lib/gcc/arm-none-eabi/5.4.1/armv7-m/crtend.o
 .ARM.attributes
                0x00000804       0x1d c:/program files (x86)/cypress/psoc creator/4.3/psoc creator/import/gnu/arm/5.4.1/bin/../lib/gcc/arm-none-eabi/5.4.1/armv7-m/crtn.o

/DISCARD/
 *(.note.GNU-stack)
OUTPUT(C:\Users\Vanessa Aloia.Vanessa\Desktop\AY1920_II_HW_05_ALOIA_VANESSA\AY1920_II_HW_05_PROJ_2.3.cydsn\CortexM3\ARM_GCC_541\Debug\AY1920_II_HW_05_PROJ_2.3.elf elf32-littlearm)
